// Jest Snapshot v1, https://goo.gl/fbAQLP

exports[`<AttributeBlock /> renders properly 1`] = `
<div
  className="attributeBlock"
>
  <div
    className="tag whiteOutline"
  >
    STR
  </div>
  <div
    className="score whiteOutline"
  >
    20
  </div>
  <div
    className="bonus whiteOutline"
  >
    +
    5
  </div>
</div>
`;
